module React_component_without_props = struct
  let make =
   fun [@warning "-16"] ~lola ?(key : string option = None) () ->
    React.createElement "div"
      ([| Option.map (fun raw -> React.Attribute.String ("key", raw)) key |]
      |> Array.to_list
      |> List.filter_map (fun a -> a)
      |> Array.of_list)
      [ React.string lola ]
end

let make () = React_component_without_props.make ~lola:"flores" ()
